# OS X
.DS_Store*
Icon?
._*

# Windows
Thumbs.db
ehthumbs.db
Desktop.ini
null/

# Linux
.directory
*~

# Editors
.idea

# Logs
logs
*.log

# Runtime data
pids
*.pid
*.seed

# Generated coverage
lib-cov
coverage

# node-waf configuration
.lock-wscript

# Compiled binary addons (http://nodejs.org/api/addons.html)
build/Release

# Dependency directory
node_modules

# Compiled Module
lib
